07:35:38.345 [main                     ] DEBUG Logger               - Configured Logger
07:35:38.356 [main                     ] DEBUG GameApplication      - Logging settings
Title: Tiny FXGL Game
Version: 0.1
Width: 800
Height: 600
Fullscreen: false
Intro: false
Profiling: false
Single step:false
App Mode: DEVELOPER
Menu Key: ESCAPE
Stage Style: DECORATED
Scene Factory: class com.almasb.fxgl.app.scene.SceneFactory

07:35:38.719 [JavaFX Application Thread] DEBUG FXGLApplication      - Initializing FXGL
07:35:38.723 [JavaFX Application Thread] INFO  Engine               - FXGL-17.3 (30.03.2023 11.49) on LINUX (J:25 FX:21.0.6)
07:35:38.724 [JavaFX Application Thread] DEBUG Engine               - JRE Vendor Name: Oracle Corporation
07:35:38.724 [JavaFX Application Thread] DEBUG Engine               - Running on OS: Linux version 6.19.5-3-cachyos
07:35:38.725 [JavaFX Application Thread] DEBUG Engine               - Architecture: amd64
07:35:38.725 [JavaFX Application Thread] INFO  Engine               - Source code and latest versions at: https://github.com/AlmasB/FXGL
07:35:38.725 [JavaFX Application Thread] INFO  Engine               -       Ask questions and discuss at: https://github.com/AlmasB/FXGL/discussions
07:35:38.725 [JavaFX Application Thread] INFO  Engine               -              Join the FXGL chat at: https://gitter.im/AlmasB/FXGL
07:35:38.895 [JavaFX Application Thread] DEBUG PrimaryStageWindow   - Creating a JavaFX scene
07:35:39.084 [JavaFX Application Thread] DEBUG PrimaryStageWindow   - Target settings size: 800.0 x 600.0
07:35:39.085 [JavaFX Application Thread] DEBUG PrimaryStageWindow   - Scaled scene size:    800.0 x 600.0
07:35:39.085 [JavaFX Application Thread] DEBUG PrimaryStageWindow   - Scaled ratio: (1.0, 1.0)
07:35:39.086 [JavaFX Application Thread] DEBUG PrimaryStageWindow   - Set initial scene to FXGLStartupScene
07:35:39.089 [JavaFX Application Thread] DEBUG PrimaryStageWindow   - Opening main window
07:35:39.144 [JavaFX Application Thread] DEBUG PrimaryStageWindow   - Window border size: (0.0, 35.0)
07:35:39.144 [JavaFX Application Thread] DEBUG PrimaryStageWindow   - Scaled size: 800.0 x 565.0
07:35:39.145 [JavaFX Application Thread] DEBUG PrimaryStageWindow   - Scaled ratio: (1.0, 0.9416666666666667)
07:35:39.145 [JavaFX Application Thread] DEBUG PrimaryStageWindow   - Scene size: 800.0 x 600.0
07:35:39.145 [JavaFX Application Thread] DEBUG PrimaryStageWindow   - Stage size: 800.0 x 600.0
07:35:39.152 [FXGL Background Thread 1 ] DEBUG Engine               - Initializing environment variables
07:35:39.204 [FXGL Background Thread 1 ] DEBUG FXGLAssetLoaderServi - User app class for loading assets: class at.htl.flowstate.MainGame
07:35:39.205 [FXGL Background Thread 1 ] DEBUG GameApplicationServi - Applying CSS: fxgl_dark.css
07:35:39.206 [FXGL Background Thread 1 ] DEBUG FXGLAssetLoaderServi - Loading from file system: jar:file:///home/max/.m2/repository/com/github/almasb/fxgl/17.3/fxgl-17.3.jar!/fxglassets/ui/css/fxgl_dark.css
07:35:39.265 [FXGL Background Thread 1 ] DEBUG GameApplicationServi - Initializing application scenes
07:35:39.320 [FXGL Background Thread 1 ] DEBUG GameWorld            - Game world initialized
07:35:39.362 [FXGL Background Thread 1 ] DEBUG PhysicsWorld         - Physics world initialized: appHeight=600, physics.ppm=50.0
07:35:39.362 [FXGL Background Thread 1 ] DEBUG PhysicsWorld         - Using strategy: BRUTE_FORCE
07:35:39.365 [FXGL Background Thread 1 ] DEBUG GameScene            - Game scene initialized: 800x600
07:35:39.376 [FXGL Background Thread 1 ] DEBUG FXGL.DefaultMenu     - createMenuBodyGameMenu()
07:35:39.391 [FXGL Background Thread 1 ] DEBUG FXGL.DefaultMenu     - createOptionsMenu()
07:35:39.403 [FXGL Background Thread 1 ] DEBUG FXGLAssetLoaderServi - Loading from file system: jar:file:///home/max/.m2/repository/com/github/almasb/fxgl/17.3/fxgl-17.3.jar!/fxglassets/textures/particles/smoke.png
07:35:39.480 [FXGL Background Thread 1 ] DEBUG FXGLAssetLoaderServi - Loading from file system: jar:file:///home/max/.m2/repository/com/github/almasb/fxgl/17.3/fxgl-17.3.jar!/fxglassets/textures/particles/trace_horizontal.png
07:35:39.512 [FXGL Background Thread 1 ] DEBUG GameApplicationServi - Application scenes initialized
07:35:39.529 [FXGL Background Thread 1 ] DEBUG SystemBundleService  - Loading default FXGL system data
07:35:39.530 [FXGL Background Thread 1 ] DEBUG UpdaterService       - Checking for updates
07:35:39.535 [FXGL Background Thread 4 ] DEBUG FXGLApplication      - Loading fonts
07:35:39.536 [FXGL Background Thread 4 ] DEBUG FXGLAssetLoaderServi - Loading from file system: jar:file:///home/max/.m2/repository/com/github/almasb/fxgl/17.3/fxgl-17.3.jar!/fxglassets/ui/fonts/VarelaRound-Regular.ttf
07:35:39.536 [FXGL Background Thread 1 ] DEBUG FXGLApplication      - Loading default localization
07:35:39.537 [FXGL Background Thread 1 ] DEBUG FXGLAssetLoaderServi - Loading from file system: jar:file:///home/max/.m2/repository/com/github/almasb/fxgl/17.3/fxgl-17.3.jar!/fxglassets/languages/english.lang
07:35:39.542 [FXGL Background Thread 4 ] DEBUG FXGLAssetLoaderServi - Loading from file system: jar:file:///home/max/.m2/repository/com/github/almasb/fxgl/17.3/fxgl-17.3.jar!/fxglassets/ui/fonts/Abel-Regular.ttf
07:35:39.545 [FXGL Background Thread 4 ] DEBUG FXGLAssetLoaderServi - Loading from file system: jar:file:///home/max/.m2/repository/com/github/almasb/fxgl/17.3/fxgl-17.3.jar!/fxglassets/ui/fonts/TerminalLandMono-Regular.otf
07:35:39.546 [FXGL Background Thread 4 ] DEBUG FXGLAssetLoaderServi - Loading from file system: jar:file:///home/max/.m2/repository/com/github/almasb/fxgl/17.3/fxgl-17.3.jar!/fxglassets/ui/fonts/Courier-Prime.ttf
07:35:39.552 [JavaFX Application Thread] DEBUG FXGLApplication      - Registering font factories with UI factory
07:35:39.552 [FXGL Background Thread 1 ] INFO  FXGLApplication      - FXGL initialization took: 0.399 sec
07:35:39.563 [JavaFX Application Thread] DEBUG Input                - Registered new binding: action0 - W
07:35:39.563 [JavaFX Application Thread] DEBUG Input                - Registered new binding: action1 - S
07:35:39.587 [JavaFX Application Thread] DEBUG Input                - Registered new binding: action2 - A
07:35:39.588 [JavaFX Application Thread] DEBUG Input                - Registered new binding: action3 - D
07:35:39.589 [JavaFX Application Thread] DEBUG FXGLAssetLoaderServi - Loading from file system: jar:file:///home/max/.m2/repository/com/github/almasb/fxgl/17.3/fxgl-17.3.jar!/fxglassets/textures/fxgl_icon.png
07:35:39.609 [JavaFX Application Thread] DEBUG FXGLAssetLoaderServi - Loading from file system: jar:file:///home/max/.m2/repository/com/github/almasb/fxgl/17.3/fxgl-17.3.jar!/fxglassets/textures/fxgl_default_cursor.png
07:35:39.612 [JavaFX Application Thread] DEBUG Input                - Registered new binding: Screenshot - CTRL+8
07:35:39.612 [JavaFX Application Thread] DEBUG Input                - Registered new binding: System info dump - CTRL+9
07:35:39.613 [JavaFX Application Thread] DEBUG Input                - Registered new binding: Restart - CTRL+R
07:35:39.613 [JavaFX Application Thread] DEBUG Input                - Registered new binding: Toggle Debug Camera - CTRL+7
07:35:39.616 [JavaFX Application Thread] DEBUG LoopRunner           - Starting loop
07:35:39.616 [JavaFX Application Thread] DEBUG LoopRunner           - Initializing JavaFX AnimationTimerLoop
07:35:39.617 [JavaFX Application Thread] DEBUG GameApplicationServi - Starting new game
07:35:39.618 [JavaFX Application Thread] DEBUG Input                - Clearing active input actions
07:35:39.629 [JavaFX Application Thread] DEBUG GameApplicationServi - Removing overlay from FXGLStartupScene and adding to FXGLLoadingScene
07:35:39.629 [JavaFX Application Thread] DEBUG PrimaryStageWindow   - FXGLStartupScene -> FXGLLoadingScene
07:35:39.629 [JavaFX Application Thread] DEBUG GameApplicationServi - Clearing previous game
07:35:39.630 [JavaFX Application Thread] DEBUG GameScene            - Clearing game scene
07:35:39.630 [JavaFX Application Thread] DEBUG GameWorld            - Clearing game world
07:35:39.630 [JavaFX Application Thread] DEBUG PhysicsWorld         - Clearing physics world
07:35:39.631 [FXGL Background Thread 1 ] DEBUG FXGLApplication      - Initializing game
07:35:39.638 [FXGL Background Thread 1 ] INFO  FXGLApplication      - Game initialization took: 0.007 sec
07:35:39.750 [JavaFX Application Thread] DEBUG Input                - Clearing active input actions
07:35:39.758 [JavaFX Application Thread] DEBUG GameApplicationServi - Removing overlay from FXGLLoadingScene and adding to GameScene
07:35:39.759 [JavaFX Application Thread] DEBUG PrimaryStageWindow   - FXGLLoadingScene -> GameScene
07:35:40.419 [FXGL Background Thread 2 ] INFO  UpdaterService       - Your current version:  17.3
07:35:40.419 [FXGL Background Thread 2 ] INFO  UpdaterService       - Latest stable version: 25
07:35:42.532 [FXGL Background Thread 3 ] DEBUG Engine               - Logging environment variables
07:35:42.533 [FXGL Background Thread 3 ] DEBUG Engine               - achievements: []
07:35:42.533 [FXGL Background Thread 3 ] DEBUG Engine               - actualHeight: 565.0
07:35:42.533 [FXGL Background Thread 3 ] DEBUG Engine               - actualHeightProperty: ReadOnlyDoubleProperty [value: 565.0]
07:35:42.533 [FXGL Background Thread 3 ] DEBUG Engine               - actualWidth: 800.0
07:35:42.533 [FXGL Background Thread 3 ] DEBUG Engine               - actualWidthProperty: ReadOnlyDoubleProperty [value: 800.0]
07:35:42.534 [FXGL Background Thread 3 ] DEBUG Engine               - appIcon: fxgl_icon.png
07:35:42.534 [FXGL Background Thread 3 ] DEBUG Engine               - applicationMode: DEVELOPER
07:35:42.534 [FXGL Background Thread 3 ] DEBUG Engine               - cSSList: [fxgl_dark.css]
07:35:42.534 [FXGL Background Thread 3 ] DEBUG Engine               - collisionDetectionStrategy: BRUTE_FORCE
07:35:42.534 [FXGL Background Thread 3 ] DEBUG Engine               - configClass: Optional.empty
07:35:42.534 [FXGL Background Thread 3 ] DEBUG Engine               - credits: []
07:35:42.534 [FXGL Background Thread 3 ] DEBUG Engine               - defaultCursor: CursorInfo(imageName=fxgl_default_cursor.png, hotspotX=7.0, hotspotY=6.0)
07:35:42.534 [FXGL Background Thread 3 ] DEBUG Engine               - devBBoxColorProperty: ObjectProperty [value: 0xff0000ff]
07:35:42.535 [FXGL Background Thread 3 ] DEBUG Engine               - devEnableDebugCameraProperty: BooleanProperty [value: false]
07:35:42.535 [FXGL Background Thread 3 ] DEBUG Engine               - devSensorColorProperty: ObjectProperty [value: 0xffff00ff]
07:35:42.535 [FXGL Background Thread 3 ] DEBUG Engine               - devShowBBoxProperty: BooleanProperty [value: false]
07:35:42.535 [FXGL Background Thread 3 ] DEBUG Engine               - devShowPositionProperty: BooleanProperty [value: false]
07:35:42.535 [FXGL Background Thread 3 ] DEBUG Engine               - enabledMenuItems: []
07:35:42.535 [FXGL Background Thread 3 ] DEBUG Engine               - engineServices: [class com.almasb.fxgl.app.services.FXGLAssetLoaderService, class com.almasb.fxgl.app.FXGLApplication$GameApplicationService, class com.almasb.fxgl.app.services.FXGLDialogService, class com.almasb.fxgl.app.services.IOTaskExecutorService, class com.almasb.fxgl.io.FileSystemService, class com.almasb.fxgl.localization.LocalizationService, class com.almasb.fxgl.app.services.SystemBundleService, class com.almasb.fxgl.profile.SaveLoadService, class com.almasb.fxgl.ui.FXGLUIFactoryServiceProvider, class com.almasb.fxgl.ui.FXGLDialogFactoryServiceProvider, class com.almasb.fxgl.audio.AudioPlayer, class com.almasb.fxgl.notification.impl.NotificationServiceProvider, class com.almasb.fxgl.achievement.AchievementService, class com.almasb.fxgl.cutscene.CutsceneService, class com.almasb.fxgl.minigames.MiniGameService, class com.almasb.fxgl.net.NetService, class com.almasb.fxgl.app.services.UpdaterService, class com.almasb.fxgl.dev.DevService]
07:35:42.535 [FXGL Background Thread 3 ] DEBUG Engine               - fontGame: Abel-Regular.ttf
07:35:42.535 [FXGL Background Thread 3 ] DEBUG Engine               - fontMono: TerminalLandMono-Regular.otf
07:35:42.535 [FXGL Background Thread 3 ] DEBUG Engine               - fontSizeScaleUI: 1.0
07:35:42.535 [FXGL Background Thread 3 ] DEBUG Engine               - fontText: Courier-Prime.ttf
07:35:42.535 [FXGL Background Thread 3 ] DEBUG Engine               - fontUI: VarelaRound-Regular.ttf
07:35:42.535 [FXGL Background Thread 3 ] DEBUG Engine               - fullScreen: BooleanProperty [value: false]
07:35:42.535 [FXGL Background Thread 3 ] DEBUG Engine               - gameDifficulty: MEDIUM
07:35:42.535 [FXGL Background Thread 3 ] DEBUG Engine               - gameDifficultyProperty: ObjectProperty [value: MEDIUM]
07:35:42.535 [FXGL Background Thread 3 ] DEBUG Engine               - globalMusicVolume: 0.5
07:35:42.535 [FXGL Background Thread 3 ] DEBUG Engine               - globalMusicVolumeProperty: DoubleProperty [value: 0.5]
07:35:42.535 [FXGL Background Thread 3 ] DEBUG Engine               - globalSoundVolume: 0.5
07:35:42.535 [FXGL Background Thread 3 ] DEBUG Engine               - globalSoundVolumeProperty: DoubleProperty [value: 0.5]
07:35:42.535 [FXGL Background Thread 3 ] DEBUG Engine               - height: 600
07:35:42.536 [FXGL Background Thread 3 ] DEBUG Engine               - is3D: false
07:35:42.536 [FXGL Background Thread 3 ] DEBUG Engine               - isAndroid: false
07:35:42.536 [FXGL Background Thread 3 ] DEBUG Engine               - isBrowser: false
07:35:42.536 [FXGL Background Thread 3 ] DEBUG Engine               - isClickFeedbackEnabled: false
07:35:42.536 [FXGL Background Thread 3 ] DEBUG Engine               - isCloseConfirmation: false
07:35:42.536 [FXGL Background Thread 3 ] DEBUG Engine               - isDesktop: true
07:35:42.536 [FXGL Background Thread 3 ] DEBUG Engine               - isDeveloperMenuEnabled: false
07:35:42.536 [FXGL Background Thread 3 ] DEBUG Engine               - isEmbedded: false
07:35:42.536 [FXGL Background Thread 3 ] DEBUG Engine               - isEntityPreloadEnabled: true
07:35:42.536 [FXGL Background Thread 3 ] DEBUG Engine               - isExperimentalTiledLargeMap: false
07:35:42.536 [FXGL Background Thread 3 ] DEBUG Engine               - isFileSystemWriteAllowed: true
07:35:42.536 [FXGL Background Thread 3 ] DEBUG Engine               - isFullScreenAllowed: false
07:35:42.536 [FXGL Background Thread 3 ] DEBUG Engine               - isFullScreenFromStart: false
07:35:42.536 [FXGL Background Thread 3 ] DEBUG Engine               - isGameMenuEnabled: true
07:35:42.536 [FXGL Background Thread 3 ] DEBUG Engine               - isIOS: false
07:35:42.536 [FXGL Background Thread 3 ] DEBUG Engine               - isIntroEnabled: false
07:35:42.536 [FXGL Background Thread 3 ] DEBUG Engine               - isLinux: true
07:35:42.536 [FXGL Background Thread 3 ] DEBUG Engine               - isMac: false
07:35:42.536 [FXGL Background Thread 3 ] DEBUG Engine               - isMainMenuEnabled: false
07:35:42.536 [FXGL Background Thread 3 ] DEBUG Engine               - isManualResizeEnabled: false
07:35:42.537 [FXGL Background Thread 3 ] DEBUG Engine               - isMobile: false
07:35:42.537 [FXGL Background Thread 3 ] DEBUG Engine               - isNative: false
07:35:42.537 [FXGL Background Thread 3 ] DEBUG Engine               - isPauseMusicWhenMinimized: true
07:35:42.537 [FXGL Background Thread 3 ] DEBUG Engine               - isPreserveResizeRatio: false
07:35:42.537 [FXGL Background Thread 3 ] DEBUG Engine               - isProfilingEnabled: false
07:35:42.537 [FXGL Background Thread 3 ] DEBUG Engine               - isScaleAffectedOnResize: true
07:35:42.537 [FXGL Background Thread 3 ] DEBUG Engine               - isSingleStep: false
07:35:42.537 [FXGL Background Thread 3 ] DEBUG Engine               - isUserProfileEnabled: false
07:35:42.537 [FXGL Background Thread 3 ] DEBUG Engine               - isWindows: false
07:35:42.537 [FXGL Background Thread 3 ] DEBUG Engine               - language: ObjectProperty [value: ENGLISH]
07:35:42.537 [FXGL Background Thread 3 ] DEBUG Engine               - menuKey: ESCAPE
07:35:42.537 [FXGL Background Thread 3 ] DEBUG Engine               - mouseSensitivity: 0.2
07:35:42.537 [FXGL Background Thread 3 ] DEBUG Engine               - notificationViewClass: class com.almasb.fxgl.notification.view.XboxNotificationView
07:35:42.537 [FXGL Background Thread 3 ] DEBUG Engine               - pixelsPerMeter: 50.0
07:35:42.537 [FXGL Background Thread 3 ] DEBUG Engine               - platform: LINUX
07:35:42.537 [FXGL Background Thread 3 ] DEBUG Engine               - prefHeightProperty: ReadOnlyDoubleProperty [value: 600.0]
07:35:42.537 [FXGL Background Thread 3 ] DEBUG Engine               - prefWidthProperty: ReadOnlyDoubleProperty [value: 800.0]
07:35:42.537 [FXGL Background Thread 3 ] DEBUG Engine               - profileDir: profiles/
07:35:42.537 [FXGL Background Thread 3 ] DEBUG Engine               - profileName: StringProperty [value: DEFAULT]
07:35:42.537 [FXGL Background Thread 3 ] DEBUG Engine               - randomSeed: -1
07:35:42.538 [FXGL Background Thread 3 ] DEBUG Engine               - runtimeInfo: RuntimeInfo(platform=LINUX, version=17.3, build=30.03.2023 11.49)
07:35:42.538 [FXGL Background Thread 3 ] DEBUG Engine               - saveFileExt: sav
07:35:42.538 [FXGL Background Thread 3 ] DEBUG Engine               - scaledHeightProp$fxgl: DoubleProperty [bound, value: 565.0]
07:35:42.538 [FXGL Background Thread 3 ] DEBUG Engine               - scaledWidthProp$fxgl: DoubleProperty [bound, value: 800.0]
07:35:42.538 [FXGL Background Thread 3 ] DEBUG Engine               - sceneFactory: com.almasb.fxgl.app.scene.SceneFactory@5ecb151c
07:35:42.538 [FXGL Background Thread 3 ] DEBUG Engine               - secondsIn24h: 60
07:35:42.538 [FXGL Background Thread 3 ] DEBUG Engine               - soundMenuBack: menu/back.wav
07:35:42.538 [FXGL Background Thread 3 ] DEBUG Engine               - soundMenuPress: menu/press.wav
07:35:42.538 [FXGL Background Thread 3 ] DEBUG Engine               - soundMenuSelect: menu/select.wav
07:35:42.538 [FXGL Background Thread 3 ] DEBUG Engine               - soundNotification: core/notification.wav
07:35:42.538 [FXGL Background Thread 3 ] DEBUG Engine               - stageStyle: DECORATED
07:35:42.538 [FXGL Background Thread 3 ] DEBUG Engine               - supportedLanguages: [ENGLISH, FRENCH, GERMAN, HUNGARIAN, RUSSIAN]
07:35:42.538 [FXGL Background Thread 3 ] DEBUG Engine               - ticksPerSecond: -1
07:35:42.538 [FXGL Background Thread 3 ] DEBUG Engine               - title: Tiny FXGL Game
07:35:42.538 [FXGL Background Thread 3 ] DEBUG Engine               - urlGithub: https://github.com/AlmasB/FXGL
07:35:42.538 [FXGL Background Thread 3 ] DEBUG Engine               - urlLeaderboard: http://fxgl-top.herokuapp.com/
07:35:42.538 [FXGL Background Thread 3 ] DEBUG Engine               - urlPOM: https://raw.githubusercontent.com/AlmasB/FXGL/release/README.md
07:35:42.538 [FXGL Background Thread 3 ] DEBUG Engine               - userAppClass: class at.htl.flowstate.MainGame
07:35:42.538 [FXGL Background Thread 3 ] DEBUG Engine               - version: 0.1
07:35:42.538 [FXGL Background Thread 3 ] DEBUG Engine               - versionCheckDays: 7
07:35:42.538 [FXGL Background Thread 3 ] DEBUG Engine               - width: 800
07:35:42.538 [FXGL Background Thread 3 ] DEBUG Engine               - Logging services
07:35:42.538 [FXGL Background Thread 3 ] DEBUG Engine               - class com.almasb.fxgl.app.services.FXGLAssetLoaderService
07:35:42.538 [FXGL Background Thread 3 ] DEBUG Engine               - class com.almasb.fxgl.app.FXGLApplication$GameApplicationService
07:35:42.538 [FXGL Background Thread 3 ] DEBUG Engine               - class com.almasb.fxgl.app.services.FXGLDialogService
07:35:42.538 [FXGL Background Thread 3 ] DEBUG Engine               - class com.almasb.fxgl.app.services.IOTaskExecutorService
07:35:42.538 [FXGL Background Thread 3 ] DEBUG Engine               - class com.almasb.fxgl.io.FileSystemService
07:35:42.538 [FXGL Background Thread 3 ] DEBUG Engine               - class com.almasb.fxgl.localization.LocalizationService
07:35:42.538 [FXGL Background Thread 3 ] DEBUG Engine               - class com.almasb.fxgl.app.services.SystemBundleService
07:35:42.539 [FXGL Background Thread 3 ] DEBUG Engine               - class com.almasb.fxgl.profile.SaveLoadService
07:35:42.539 [FXGL Background Thread 3 ] DEBUG Engine               - class com.almasb.fxgl.ui.FXGLUIFactoryServiceProvider
07:35:42.539 [FXGL Background Thread 3 ] DEBUG Engine               - class com.almasb.fxgl.ui.FXGLDialogFactoryServiceProvider
07:35:42.539 [FXGL Background Thread 3 ] DEBUG Engine               - class com.almasb.fxgl.audio.AudioPlayer
07:35:42.539 [FXGL Background Thread 3 ] DEBUG Engine               - class com.almasb.fxgl.notification.impl.NotificationServiceProvider
07:35:42.539 [FXGL Background Thread 3 ] DEBUG Engine               - class com.almasb.fxgl.achievement.AchievementService
07:35:42.539 [FXGL Background Thread 3 ] DEBUG Engine               - class com.almasb.fxgl.cutscene.CutsceneService
07:35:42.539 [FXGL Background Thread 3 ] DEBUG Engine               - class com.almasb.fxgl.minigames.MiniGameService
07:35:42.539 [FXGL Background Thread 3 ] DEBUG Engine               - class com.almasb.fxgl.net.NetService
07:35:42.539 [FXGL Background Thread 3 ] DEBUG Engine               - class com.almasb.fxgl.app.services.UpdaterService
07:35:42.539 [FXGL Background Thread 3 ] DEBUG Engine               - class com.almasb.fxgl.dev.DevService
07:35:52.498 [JavaFX Application Thread] DEBUG FXGLApplication      - Exiting FXGL
07:35:52.498 [JavaFX Application Thread] DEBUG LoopRunner           - Stopping loop
07:35:52.498 [JavaFX Application Thread] DEBUG SystemBundleService  - Saving FXGL system data
07:35:52.499 [JavaFX Application Thread] DEBUG FileSystemAccess     - Writing to: /home/max/Documents/School/3AHINF/POS/FlowState/system/fxgl.bundle
07:35:52.501 [JavaFX Application Thread] DEBUG Async                - Shutting down background threads
07:35:52.502 [JavaFX Application Thread] DEBUG PrimaryStageWindow   - Closing main window
07:35:52.505 [JavaFX Application Thread] DEBUG Logger               - Closing Logger
