07:37:31.589 [main                     ] DEBUG Logger               - Configured Logger
07:37:31.606 [main                     ] DEBUG GameApplication      - Logging settings
Title: FXGL Game
Version: 0.2.2
Width: 1960
Height: 1080
Fullscreen: false
Intro: false
Profiling: false
Single step:false
App Mode: DEVELOPER
Menu Key: ESCAPE
Stage Style: DECORATED
Scene Factory: class com.almasb.fxgl.app.scene.SceneFactory

07:37:31.948 [JavaFX Application Thread] DEBUG FXGLApplication      - Initializing FXGL
07:37:31.952 [JavaFX Application Thread] INFO  Engine               - FXGL-17.3 (30.03.2023 11.49) on LINUX (J:25 FX:21.0.6)
07:37:31.952 [JavaFX Application Thread] DEBUG Engine               - JRE Vendor Name: Oracle Corporation
07:37:31.953 [JavaFX Application Thread] DEBUG Engine               - Running on OS: Linux version 6.19.5-3-cachyos
07:37:31.953 [JavaFX Application Thread] DEBUG Engine               - Architecture: amd64
07:37:31.953 [JavaFX Application Thread] INFO  Engine               - Source code and latest versions at: https://github.com/AlmasB/FXGL
07:37:31.954 [JavaFX Application Thread] INFO  Engine               -       Ask questions and discuss at: https://github.com/AlmasB/FXGL/discussions
07:37:31.954 [JavaFX Application Thread] INFO  Engine               -              Join the FXGL chat at: https://gitter.im/AlmasB/FXGL
07:37:32.033 [JavaFX Application Thread] DEBUG PrimaryStageWindow   - Creating a JavaFX scene
07:37:32.033 [JavaFX Application Thread] DEBUG PrimaryStageWindow   - Target size > screen size
07:37:32.166 [JavaFX Application Thread] DEBUG PrimaryStageWindow   - Target settings size: 1960.0 x 1080.0
07:37:32.167 [JavaFX Application Thread] DEBUG PrimaryStageWindow   - Scaled scene size:    1895.0 x 1057.0
07:37:32.167 [JavaFX Application Thread] DEBUG PrimaryStageWindow   - Scaled ratio: (0.9668367346938775, 0.9787037037037037)
07:37:32.168 [JavaFX Application Thread] DEBUG PrimaryStageWindow   - Set initial scene to FXGLStartupScene
07:37:32.172 [JavaFX Application Thread] DEBUG PrimaryStageWindow   - Opening main window
07:37:32.227 [JavaFX Application Thread] DEBUG PrimaryStageWindow   - Window border size: (0.0, 35.0)
07:37:32.227 [JavaFX Application Thread] DEBUG PrimaryStageWindow   - Scaled size: 1895.0 x 1022.0
07:37:32.227 [JavaFX Application Thread] DEBUG PrimaryStageWindow   - Scaled ratio: (0.9668367346938775, 0.9462962962962963)
07:37:32.227 [JavaFX Application Thread] DEBUG PrimaryStageWindow   - Scene size: 1895.0 x 1057.0
07:37:32.228 [JavaFX Application Thread] DEBUG PrimaryStageWindow   - Stage size: 1895.0 x 1057.0
07:37:32.233 [FXGL Background Thread 1 ] DEBUG Engine               - Initializing environment variables
07:37:32.301 [FXGL Background Thread 1 ] DEBUG FXGLAssetLoaderServi - User app class for loading assets: class at.htl.flowstate.Game
07:37:32.302 [FXGL Background Thread 1 ] DEBUG GameApplicationServi - Applying CSS: fxgl_dark.css
07:37:32.303 [FXGL Background Thread 1 ] DEBUG FXGLAssetLoaderServi - Loading from file system: jar:file:///home/max/.m2/repository/com/github/almasb/fxgl/17.3/fxgl-17.3.jar!/fxglassets/ui/css/fxgl_dark.css
07:37:32.370 [FXGL Background Thread 1 ] DEBUG GameApplicationServi - Initializing application scenes
07:37:32.452 [FXGL Background Thread 1 ] DEBUG GameWorld            - Game world initialized
07:37:32.521 [FXGL Background Thread 1 ] DEBUG PhysicsWorld         - Physics world initialized: appHeight=1080, physics.ppm=50.0
07:37:32.521 [FXGL Background Thread 1 ] DEBUG PhysicsWorld         - Using strategy: BRUTE_FORCE
07:37:32.527 [FXGL Background Thread 1 ] DEBUG GameScene            - Game scene initialized: 1960x1080
07:37:32.543 [FXGL Background Thread 1 ] DEBUG FXGL.DefaultMenu     - createMenuBodyGameMenu()
07:37:32.566 [FXGL Background Thread 1 ] DEBUG FXGL.DefaultMenu     - createOptionsMenu()
07:37:32.578 [FXGL Background Thread 1 ] DEBUG FXGLAssetLoaderServi - Loading from file system: jar:file:///home/max/.m2/repository/com/github/almasb/fxgl/17.3/fxgl-17.3.jar!/fxglassets/textures/particles/smoke.png
07:37:32.657 [FXGL Background Thread 1 ] DEBUG FXGLAssetLoaderServi - Loading from file system: jar:file:///home/max/.m2/repository/com/github/almasb/fxgl/17.3/fxgl-17.3.jar!/fxglassets/textures/particles/trace_horizontal.png
07:37:32.684 [FXGL Background Thread 1 ] DEBUG GameApplicationServi - Application scenes initialized
07:37:32.695 [FXGL Background Thread 1 ] DEBUG SystemBundleService  - Loading FXGL system data
07:37:32.697 [FXGL Background Thread 1 ] DEBUG FileSystemAccess     - Reading from: /home/max/Documents/School/3AHINF/POS/FlowState/system/fxgl.bundle
07:37:32.700 [FXGL Background Thread 1 ] DEBUG SystemBundleService  - Bundle FXGL: {}
07:37:32.700 [FXGL Background Thread 1 ] DEBUG UpdaterService       - Checking for updates
07:37:32.705 [FXGL Background Thread 4 ] DEBUG FXGLApplication      - Loading fonts
07:37:32.706 [FXGL Background Thread 4 ] DEBUG FXGLAssetLoaderServi - Loading from file system: jar:file:///home/max/.m2/repository/com/github/almasb/fxgl/17.3/fxgl-17.3.jar!/fxglassets/ui/fonts/VarelaRound-Regular.ttf
07:37:32.706 [FXGL Background Thread 1 ] DEBUG FXGLApplication      - Loading default localization
07:37:32.707 [FXGL Background Thread 1 ] DEBUG FXGLAssetLoaderServi - Loading from file system: jar:file:///home/max/.m2/repository/com/github/almasb/fxgl/17.3/fxgl-17.3.jar!/fxglassets/languages/english.lang
07:37:32.711 [FXGL Background Thread 4 ] DEBUG FXGLAssetLoaderServi - Loading from file system: jar:file:///home/max/.m2/repository/com/github/almasb/fxgl/17.3/fxgl-17.3.jar!/fxglassets/ui/fonts/Abel-Regular.ttf
07:37:32.713 [FXGL Background Thread 4 ] DEBUG FXGLAssetLoaderServi - Loading from file system: jar:file:///home/max/.m2/repository/com/github/almasb/fxgl/17.3/fxgl-17.3.jar!/fxglassets/ui/fonts/TerminalLandMono-Regular.otf
07:37:32.716 [FXGL Background Thread 4 ] DEBUG FXGLAssetLoaderServi - Loading from file system: jar:file:///home/max/.m2/repository/com/github/almasb/fxgl/17.3/fxgl-17.3.jar!/fxglassets/ui/fonts/Courier-Prime.ttf
07:37:32.721 [JavaFX Application Thread] DEBUG FXGLApplication      - Registering font factories with UI factory
07:37:32.726 [FXGL Background Thread 1 ] INFO  FXGLApplication      - FXGL initialization took: 0.493 sec
07:37:32.735 [JavaFX Application Thread] DEBUG Input                - Registered new binding: Left - A
07:37:32.736 [JavaFX Application Thread] DEBUG Input                - Registered new binding: Right - D
07:37:32.736 [JavaFX Application Thread] DEBUG Input                - Registered new binding: Jump - W
07:37:32.751 [JavaFX Application Thread] DEBUG FXGLAssetLoaderServi - Loading from file system: jar:file:///home/max/.m2/repository/com/github/almasb/fxgl/17.3/fxgl-17.3.jar!/fxglassets/textures/fxgl_icon.png
07:37:32.778 [JavaFX Application Thread] DEBUG FXGLAssetLoaderServi - Loading from file system: jar:file:///home/max/.m2/repository/com/github/almasb/fxgl/17.3/fxgl-17.3.jar!/fxglassets/textures/fxgl_default_cursor.png
07:37:32.780 [JavaFX Application Thread] DEBUG Input                - Registered new binding: Screenshot - CTRL+8
07:37:32.780 [JavaFX Application Thread] DEBUG Input                - Registered new binding: System info dump - CTRL+9
07:37:32.781 [JavaFX Application Thread] DEBUG Input                - Registered new binding: Restart - CTRL+R
07:37:32.782 [JavaFX Application Thread] DEBUG Input                - Registered new binding: Toggle Debug Camera - CTRL+7
07:37:32.786 [JavaFX Application Thread] DEBUG LoopRunner           - Starting loop
07:37:32.786 [JavaFX Application Thread] DEBUG LoopRunner           - Initializing JavaFX AnimationTimerLoop
07:37:32.787 [JavaFX Application Thread] DEBUG GameApplicationServi - Starting new game
07:37:32.787 [JavaFX Application Thread] DEBUG Input                - Clearing active input actions
07:37:32.802 [JavaFX Application Thread] DEBUG GameApplicationServi - Removing overlay from FXGLStartupScene and adding to FXGLLoadingScene
07:37:32.803 [JavaFX Application Thread] DEBUG PrimaryStageWindow   - FXGLStartupScene -> FXGLLoadingScene
07:37:32.804 [JavaFX Application Thread] DEBUG GameApplicationServi - Clearing previous game
07:37:32.804 [JavaFX Application Thread] DEBUG GameScene            - Clearing game scene
07:37:32.804 [JavaFX Application Thread] DEBUG GameWorld            - Clearing game world
07:37:32.804 [JavaFX Application Thread] DEBUG PhysicsWorld         - Clearing physics world
07:37:32.806 [FXGL Background Thread 1 ] DEBUG FXGLApplication      - Initializing game
07:37:32.927 [JavaFX Application Thread] DEBUG LoopRunner           - Stopping loop
07:37:32.929 [JavaFX Application Thread] FATAL FXGLApplication      - Uncaught Exception:
java.lang.RuntimeException: Initialization failed
	at com.almasb.fxgl.all@17.3/com.almasb.fxgl.app.FXGLApplication$InitAppTask.failed(FXGLApplication.kt:343)
	at javafx.graphics@21.0.6/javafx.concurrent.Task.setState(Task.java:710)
	at javafx.graphics@21.0.6/javafx.concurrent.Task$TaskCallable.lambda$call$2(Task.java:1429)
	at javafx.graphics@21.0.6/com.sun.javafx.application.PlatformImpl.lambda$runLater$10(PlatformImpl.java:456)
	at java.base/java.security.AccessController.doPrivileged(AccessController.java:138)
	at javafx.graphics@21.0.6/com.sun.javafx.application.PlatformImpl.lambda$runLater$11(PlatformImpl.java:455)
	at javafx.graphics@21.0.6/com.sun.glass.ui.InvokeLaterDispatcher$Future.run(InvokeLaterDispatcher.java:95)
	at javafx.graphics@21.0.6/com.sun.glass.ui.gtk.GtkApplication._runLoop(Native Method)
	at javafx.graphics@21.0.6/com.sun.glass.ui.gtk.GtkApplication.lambda$runLoop$10(GtkApplication.java:263)
	at java.base/java.lang.Thread.run(Thread.java:1474)
Caused by: com.almasb.fxgl.core.reflect.ReflectionException: Cannot inject Physics() into physics Error: java.lang.IllegalAccessException: class com.almasb.fxgl.core.reflect.ReflectionUtils (in module com.almasb.fxgl.core) cannot access a member of class at.htl.flowstate.PlayerComponent (in module at.htl.flowstate) with modifiers "private"
	at com.almasb.fxgl.core@17.3/com.almasb.fxgl.core.reflect.ReflectionUtils.inject(ReflectionUtils.java:203)
	at com.almasb.fxgl.entity@17.3/com.almasb.fxgl.entity.Entity.lambda$injectFields$2(Entity.java:510)
	at java.base/java.util.Optional.ifPresent(Optional.java:178)
	at com.almasb.fxgl.entity@17.3/com.almasb.fxgl.entity.Entity.lambda$injectFields$3(Entity.java:509)
	at java.base/java.lang.Iterable.forEach(Iterable.java:75)
	at com.almasb.fxgl.entity@17.3/com.almasb.fxgl.entity.Entity.injectFields(Entity.java:508)
	at com.almasb.fxgl.entity@17.3/com.almasb.fxgl.entity.Entity.addComponentNoChecks(Entity.java:399)
	at com.almasb.fxgl.entity@17.3/com.almasb.fxgl.entity.Entity.addComponent(Entity.java:393)
	at com.almasb.fxgl.all@17.3/com.almasb.fxgl.dsl.EntityBuilder.with(EntityBuilder.kt:202)
	at at.htl.flowstate/at.htl.flowstate.Game.initGame(Game.java:86)
	at com.almasb.fxgl.all@17.3/com.almasb.fxgl.app.FXGLApplication$InitAppTask.initGame(FXGLApplication.kt:339)
	at com.almasb.fxgl.all@17.3/com.almasb.fxgl.app.FXGLApplication$InitAppTask.call(FXGLApplication.kt:319)
	at com.almasb.fxgl.all@17.3/com.almasb.fxgl.app.FXGLApplication$InitAppTask.call(FXGLApplication.kt:311)
	at javafx.graphics@21.0.6/javafx.concurrent.Task$TaskCallable.call(Task.java:1399)
	at java.base/java.util.concurrent.FutureTask.run(FutureTask.java:328)
	at java.base/java.util.concurrent.Executors$RunnableAdapter.call(Executors.java:545)
	at java.base/java.util.concurrent.FutureTask.run(FutureTask.java:328)
	at java.base/java.util.concurrent.ThreadPoolExecutor.runWorker(ThreadPoolExecutor.java:1090)
	at java.base/java.util.concurrent.ThreadPoolExecutor$Worker.run(ThreadPoolExecutor.java:614)
	... 1 more

07:37:32.930 [JavaFX Application Thread] FATAL FXGLApplication      - Application will now exit
07:37:32.955 [JavaFX Application Thread] DEBUG PrimaryStageWindow   - Push state: ErrorSubScene
07:37:32.956 [JavaFX Application Thread] DEBUG Input                - Clearing active input actions
07:37:32.965 [JavaFX Application Thread] DEBUG GameApplicationServi - Removing overlay from FXGLLoadingScene and adding to ErrorSubScene
07:37:32.965 [JavaFX Application Thread] DEBUG PrimaryStageWindow   - FXGLLoadingScene -> ErrorSubScene
07:37:33.906 [FXGL Background Thread 2 ] INFO  UpdaterService       - Your current version:  17.3
07:37:33.906 [FXGL Background Thread 2 ] INFO  UpdaterService       - Latest stable version: 25
07:37:35.475 [JavaFX Application Thread] DEBUG FXGLApplication      - Exiting FXGL
07:37:35.475 [JavaFX Application Thread] DEBUG Async                - Shutting down background threads
07:37:35.475 [JavaFX Application Thread] DEBUG PrimaryStageWindow   - Closing main window
07:37:35.478 [JavaFX Application Thread] DEBUG Logger               - Closing Logger
