13:42:55.594 [main                     ] DEBUG Logger               - Configured Logger
13:42:55.603 [main                     ] DEBUG GameApplication      - Logging settings
Title: FXGL Game
Version: 0.2.2
Width: 1960
Height: 1080
Fullscreen: false
Intro: false
Profiling: false
Single step:false
App Mode: DEVELOPER
Menu Key: ESCAPE
Stage Style: DECORATED
Scene Factory: class com.almasb.fxgl.app.scene.SceneFactory

13:42:55.975 [JavaFX Application Thread] DEBUG FXGLApplication      - Initializing FXGL
13:42:55.977 [JavaFX Application Thread] INFO  Engine               - FXGL-17.3 (30.03.2023 11.49) on LINUX (J:25.0.2 FX:21.0.6)
13:42:55.978 [JavaFX Application Thread] DEBUG Engine               - JRE Vendor Name: Oracle Corporation
13:42:55.978 [JavaFX Application Thread] DEBUG Engine               - Running on OS: Linux version 6.18.13-arch1-1
13:42:55.978 [JavaFX Application Thread] DEBUG Engine               - Architecture: amd64
13:42:55.978 [JavaFX Application Thread] INFO  Engine               - Source code and latest versions at: https://github.com/AlmasB/FXGL
13:42:55.978 [JavaFX Application Thread] INFO  Engine               -       Ask questions and discuss at: https://github.com/AlmasB/FXGL/discussions
13:42:55.978 [JavaFX Application Thread] INFO  Engine               -              Join the FXGL chat at: https://gitter.im/AlmasB/FXGL
13:42:56.074 [JavaFX Application Thread] DEBUG PrimaryStageWindow   - Creating a JavaFX scene
13:42:56.074 [JavaFX Application Thread] DEBUG PrimaryStageWindow   - Target size > screen size
13:42:56.111 [JavaFX Application Thread] DEBUG PrimaryStageWindow   - Target settings size: 1960.0 x 1080.0
13:42:56.111 [JavaFX Application Thread] DEBUG PrimaryStageWindow   - Scaled scene size:    1895.0 x 1057.0
13:42:56.111 [JavaFX Application Thread] DEBUG PrimaryStageWindow   - Scaled ratio: (0.9668367346938775, 0.9787037037037037)
13:42:56.112 [JavaFX Application Thread] DEBUG PrimaryStageWindow   - Set initial scene to FXGLStartupScene
13:42:56.113 [JavaFX Application Thread] DEBUG PrimaryStageWindow   - Opening main window
13:42:56.155 [JavaFX Application Thread] DEBUG PrimaryStageWindow   - Window border size: (0.0, 35.0)
13:42:56.155 [JavaFX Application Thread] DEBUG PrimaryStageWindow   - Scaled size: 1895.0 x 1022.0
13:42:56.155 [JavaFX Application Thread] DEBUG PrimaryStageWindow   - Scaled ratio: (0.9668367346938775, 0.9462962962962963)
13:42:56.155 [JavaFX Application Thread] DEBUG PrimaryStageWindow   - Scene size: 1895.0 x 1057.0
13:42:56.156 [JavaFX Application Thread] DEBUG PrimaryStageWindow   - Stage size: 1895.0 x 1057.0
13:42:56.158 [FXGL Background Thread 1 ] DEBUG Engine               - Initializing environment variables
13:42:56.182 [FXGL Background Thread 1 ] DEBUG FXGLAssetLoaderServi - User app class for loading assets: class at.htl.flowstate.Game
13:42:56.182 [FXGL Background Thread 1 ] DEBUG GameApplicationServi - Applying CSS: fxgl_dark.css
13:42:56.183 [FXGL Background Thread 1 ] DEBUG FXGLAssetLoaderServi - Loading from file system: jar:file:///home/terrydavis/.m2/repository/com/github/almasb/fxgl/17.3/fxgl-17.3.jar!/fxglassets/ui/css/fxgl_dark.css
13:42:56.214 [FXGL Background Thread 1 ] DEBUG GameApplicationServi - Initializing application scenes
13:42:56.242 [FXGL Background Thread 1 ] DEBUG GameWorld            - Game world initialized
13:42:56.284 [FXGL Background Thread 1 ] DEBUG PhysicsWorld         - Physics world initialized: appHeight=1080, physics.ppm=50.0
13:42:56.284 [FXGL Background Thread 1 ] DEBUG PhysicsWorld         - Using strategy: BRUTE_FORCE
13:42:56.289 [FXGL Background Thread 1 ] DEBUG GameScene            - Game scene initialized: 1960x1080
13:42:56.299 [FXGL Background Thread 1 ] DEBUG FXGL.DefaultMenu     - createMenuBodyGameMenu()
13:42:56.315 [FXGL Background Thread 1 ] DEBUG FXGL.DefaultMenu     - createOptionsMenu()
13:42:56.325 [FXGL Background Thread 1 ] DEBUG FXGLAssetLoaderServi - Loading from file system: jar:file:///home/terrydavis/.m2/repository/com/github/almasb/fxgl/17.3/fxgl-17.3.jar!/fxglassets/textures/particles/smoke.png
13:42:56.410 [FXGL Background Thread 1 ] DEBUG FXGLAssetLoaderServi - Loading from file system: jar:file:///home/terrydavis/.m2/repository/com/github/almasb/fxgl/17.3/fxgl-17.3.jar!/fxglassets/textures/particles/trace_horizontal.png
13:42:56.435 [FXGL Background Thread 1 ] DEBUG GameApplicationServi - Application scenes initialized
13:42:56.443 [FXGL Background Thread 1 ] DEBUG SystemBundleService  - Loading FXGL system data
13:42:56.444 [FXGL Background Thread 1 ] DEBUG FileSystemAccess     - Reading from: /home/terrydavis/Documents/FlowState/system/fxgl.bundle
13:42:56.445 [FXGL Background Thread 1 ] DEBUG SystemBundleService  - Bundle FXGL: {}
13:42:56.445 [FXGL Background Thread 1 ] DEBUG UpdaterService       - Checking for updates
13:42:56.448 [FXGL Background Thread 4 ] DEBUG FXGLApplication      - Loading fonts
13:42:56.448 [FXGL Background Thread 1 ] DEBUG FXGLApplication      - Loading default localization
13:42:56.448 [FXGL Background Thread 4 ] DEBUG FXGLAssetLoaderServi - Loading from file system: jar:file:///home/terrydavis/.m2/repository/com/github/almasb/fxgl/17.3/fxgl-17.3.jar!/fxglassets/ui/fonts/VarelaRound-Regular.ttf
13:42:56.448 [FXGL Background Thread 1 ] DEBUG FXGLAssetLoaderServi - Loading from file system: jar:file:///home/terrydavis/.m2/repository/com/github/almasb/fxgl/17.3/fxgl-17.3.jar!/fxglassets/languages/english.lang
13:42:56.452 [FXGL Background Thread 4 ] DEBUG FXGLAssetLoaderServi - Loading from file system: jar:file:///home/terrydavis/.m2/repository/com/github/almasb/fxgl/17.3/fxgl-17.3.jar!/fxglassets/ui/fonts/Abel-Regular.ttf
13:42:56.454 [FXGL Background Thread 4 ] DEBUG FXGLAssetLoaderServi - Loading from file system: jar:file:///home/terrydavis/.m2/repository/com/github/almasb/fxgl/17.3/fxgl-17.3.jar!/fxglassets/ui/fonts/TerminalLandMono-Regular.otf
13:42:56.455 [FXGL Background Thread 4 ] DEBUG FXGLAssetLoaderServi - Loading from file system: jar:file:///home/terrydavis/.m2/repository/com/github/almasb/fxgl/17.3/fxgl-17.3.jar!/fxglassets/ui/fonts/Courier-Prime.ttf
13:42:56.458 [JavaFX Application Thread] DEBUG FXGLApplication      - Registering font factories with UI factory
13:42:56.461 [FXGL Background Thread 1 ] INFO  FXGLApplication      - FXGL initialization took: 0.302 sec
13:42:56.468 [JavaFX Application Thread] DEBUG Input                - Registered new binding: Left - A
13:42:56.468 [JavaFX Application Thread] DEBUG Input                - Registered new binding: Right - D
13:42:56.468 [JavaFX Application Thread] DEBUG Input                - Registered new binding: Jump - W
13:42:56.468 [JavaFX Application Thread] DEBUG FXGLAssetLoaderServi - Loading from file system: jar:file:///home/terrydavis/.m2/repository/com/github/almasb/fxgl/17.3/fxgl-17.3.jar!/fxglassets/textures/fxgl_icon.png
13:42:56.510 [JavaFX Application Thread] DEBUG FXGLAssetLoaderServi - Loading from file system: jar:file:///home/terrydavis/.m2/repository/com/github/almasb/fxgl/17.3/fxgl-17.3.jar!/fxglassets/textures/fxgl_default_cursor.png
13:42:56.511 [JavaFX Application Thread] DEBUG Input                - Registered new binding: Screenshot - CTRL+8
13:42:56.512 [JavaFX Application Thread] DEBUG Input                - Registered new binding: System info dump - CTRL+9
13:42:56.512 [JavaFX Application Thread] DEBUG Input                - Registered new binding: Restart - CTRL+R
13:42:56.512 [JavaFX Application Thread] DEBUG Input                - Registered new binding: Toggle Debug Camera - CTRL+7
13:42:56.514 [JavaFX Application Thread] DEBUG LoopRunner           - Starting loop
13:42:56.515 [JavaFX Application Thread] DEBUG LoopRunner           - Initializing JavaFX AnimationTimerLoop
13:42:56.515 [JavaFX Application Thread] DEBUG GameApplicationServi - Starting new game
13:42:56.516 [JavaFX Application Thread] DEBUG Input                - Clearing active input actions
13:42:56.530 [JavaFX Application Thread] DEBUG GameApplicationServi - Removing overlay from FXGLStartupScene and adding to FXGLLoadingScene
13:42:56.530 [JavaFX Application Thread] DEBUG PrimaryStageWindow   - FXGLStartupScene -> FXGLLoadingScene
13:42:56.530 [JavaFX Application Thread] DEBUG GameApplicationServi - Clearing previous game
13:42:56.531 [JavaFX Application Thread] DEBUG GameScene            - Clearing game scene
13:42:56.531 [JavaFX Application Thread] DEBUG GameWorld            - Clearing game world
13:42:56.531 [JavaFX Application Thread] DEBUG PhysicsWorld         - Clearing physics world
13:42:56.532 [FXGL Background Thread 1 ] DEBUG FXGLApplication      - Initializing game
13:42:56.557 [FXGL Background Thread 1 ] INFO  FXGLApplication      - Game initialization took: 0.025 sec
13:42:56.629 [JavaFX Application Thread] DEBUG Input                - Clearing active input actions
13:42:56.636 [JavaFX Application Thread] DEBUG GameApplicationServi - Removing overlay from FXGLLoadingScene and adding to GameScene
13:42:56.636 [JavaFX Application Thread] DEBUG PrimaryStageWindow   - FXGLLoadingScene -> GameScene
13:42:56.877 [FXGL Background Thread 2 ] INFO  UpdaterService       - Your current version:  17.3
13:42:56.877 [FXGL Background Thread 2 ] INFO  UpdaterService       - Latest stable version: 25
13:42:59.447 [FXGL Background Thread 3 ] DEBUG Engine               - Logging environment variables
13:42:59.447 [FXGL Background Thread 3 ] DEBUG Engine               - achievements: []
13:42:59.447 [FXGL Background Thread 3 ] DEBUG Engine               - actualHeight: 1022.0
13:42:59.448 [FXGL Background Thread 3 ] DEBUG Engine               - actualHeightProperty: ReadOnlyDoubleProperty [value: 1059.0]
13:42:59.448 [FXGL Background Thread 3 ] DEBUG Engine               - actualWidth: 1895.0
13:42:59.448 [FXGL Background Thread 3 ] DEBUG Engine               - actualWidthProperty: ReadOnlyDoubleProperty [value: 869.0]
13:42:59.448 [FXGL Background Thread 3 ] DEBUG Engine               - appIcon: fxgl_icon.png
13:42:59.448 [FXGL Background Thread 3 ] DEBUG Engine               - applicationMode: DEVELOPER
13:42:59.448 [FXGL Background Thread 3 ] DEBUG Engine               - cSSList: [fxgl_dark.css]
13:42:59.448 [FXGL Background Thread 3 ] DEBUG Engine               - collisionDetectionStrategy: BRUTE_FORCE
13:42:59.448 [FXGL Background Thread 3 ] DEBUG Engine               - configClass: Optional.empty
13:42:59.448 [FXGL Background Thread 3 ] DEBUG Engine               - credits: []
13:42:59.448 [FXGL Background Thread 3 ] DEBUG Engine               - defaultCursor: CursorInfo(imageName=fxgl_default_cursor.png, hotspotX=7.0, hotspotY=6.0)
13:42:59.448 [FXGL Background Thread 3 ] DEBUG Engine               - devBBoxColorProperty: ObjectProperty [value: 0xff0000ff]
13:42:59.448 [FXGL Background Thread 3 ] DEBUG Engine               - devEnableDebugCameraProperty: BooleanProperty [value: false]
13:42:59.448 [FXGL Background Thread 3 ] DEBUG Engine               - devSensorColorProperty: ObjectProperty [value: 0xffff00ff]
13:42:59.448 [FXGL Background Thread 3 ] DEBUG Engine               - devShowBBoxProperty: BooleanProperty [value: false]
13:42:59.449 [FXGL Background Thread 3 ] DEBUG Engine               - devShowPositionProperty: BooleanProperty [value: false]
13:42:59.449 [FXGL Background Thread 3 ] DEBUG Engine               - enabledMenuItems: []
13:42:59.449 [FXGL Background Thread 3 ] DEBUG Engine               - engineServices: [class com.almasb.fxgl.app.services.FXGLAssetLoaderService, class com.almasb.fxgl.app.FXGLApplication$GameApplicationService, class com.almasb.fxgl.app.services.FXGLDialogService, class com.almasb.fxgl.app.services.IOTaskExecutorService, class com.almasb.fxgl.io.FileSystemService, class com.almasb.fxgl.localization.LocalizationService, class com.almasb.fxgl.app.services.SystemBundleService, class com.almasb.fxgl.profile.SaveLoadService, class com.almasb.fxgl.ui.FXGLUIFactoryServiceProvider, class com.almasb.fxgl.ui.FXGLDialogFactoryServiceProvider, class com.almasb.fxgl.audio.AudioPlayer, class com.almasb.fxgl.notification.impl.NotificationServiceProvider, class com.almasb.fxgl.achievement.AchievementService, class com.almasb.fxgl.cutscene.CutsceneService, class com.almasb.fxgl.minigames.MiniGameService, class com.almasb.fxgl.net.NetService, class com.almasb.fxgl.app.services.UpdaterService, class com.almasb.fxgl.dev.DevService]
13:42:59.449 [FXGL Background Thread 3 ] DEBUG Engine               - fontGame: Abel-Regular.ttf
13:42:59.449 [FXGL Background Thread 3 ] DEBUG Engine               - fontMono: TerminalLandMono-Regular.otf
13:42:59.449 [FXGL Background Thread 3 ] DEBUG Engine               - fontSizeScaleUI: 1.0
13:42:59.449 [FXGL Background Thread 3 ] DEBUG Engine               - fontText: Courier-Prime.ttf
13:42:59.449 [FXGL Background Thread 3 ] DEBUG Engine               - fontUI: VarelaRound-Regular.ttf
13:42:59.449 [FXGL Background Thread 3 ] DEBUG Engine               - fullScreen: BooleanProperty [value: false]
13:42:59.449 [FXGL Background Thread 3 ] DEBUG Engine               - gameDifficulty: MEDIUM
13:42:59.449 [FXGL Background Thread 3 ] DEBUG Engine               - gameDifficultyProperty: ObjectProperty [value: MEDIUM]
13:42:59.449 [FXGL Background Thread 3 ] DEBUG Engine               - globalMusicVolume: 0.5
13:42:59.449 [FXGL Background Thread 3 ] DEBUG Engine               - globalMusicVolumeProperty: DoubleProperty [value: 0.5]
13:42:59.449 [FXGL Background Thread 3 ] DEBUG Engine               - globalSoundVolume: 0.5
13:42:59.449 [FXGL Background Thread 3 ] DEBUG Engine               - globalSoundVolumeProperty: DoubleProperty [value: 0.5]
13:42:59.449 [FXGL Background Thread 3 ] DEBUG Engine               - height: 1080
13:42:59.449 [FXGL Background Thread 3 ] DEBUG Engine               - is3D: false
13:42:59.449 [FXGL Background Thread 3 ] DEBUG Engine               - isAndroid: false
13:42:59.450 [FXGL Background Thread 3 ] DEBUG Engine               - isBrowser: false
13:42:59.450 [FXGL Background Thread 3 ] DEBUG Engine               - isClickFeedbackEnabled: false
13:42:59.450 [FXGL Background Thread 3 ] DEBUG Engine               - isCloseConfirmation: false
13:42:59.450 [FXGL Background Thread 3 ] DEBUG Engine               - isDesktop: true
13:42:59.450 [FXGL Background Thread 3 ] DEBUG Engine               - isDeveloperMenuEnabled: false
13:42:59.450 [FXGL Background Thread 3 ] DEBUG Engine               - isEmbedded: false
13:42:59.450 [FXGL Background Thread 3 ] DEBUG Engine               - isEntityPreloadEnabled: true
13:42:59.450 [FXGL Background Thread 3 ] DEBUG Engine               - isExperimentalTiledLargeMap: false
13:42:59.450 [FXGL Background Thread 3 ] DEBUG Engine               - isFileSystemWriteAllowed: true
13:42:59.450 [FXGL Background Thread 3 ] DEBUG Engine               - isFullScreenAllowed: false
13:42:59.450 [FXGL Background Thread 3 ] DEBUG Engine               - isFullScreenFromStart: false
13:42:59.450 [FXGL Background Thread 3 ] DEBUG Engine               - isGameMenuEnabled: true
13:42:59.450 [FXGL Background Thread 3 ] DEBUG Engine               - isIOS: false
13:42:59.450 [FXGL Background Thread 3 ] DEBUG Engine               - isIntroEnabled: false
13:42:59.450 [FXGL Background Thread 3 ] DEBUG Engine               - isLinux: true
13:42:59.450 [FXGL Background Thread 3 ] DEBUG Engine               - isMac: false
13:42:59.450 [FXGL Background Thread 3 ] DEBUG Engine               - isMainMenuEnabled: false
13:42:59.450 [FXGL Background Thread 3 ] DEBUG Engine               - isManualResizeEnabled: false
13:42:59.450 [FXGL Background Thread 3 ] DEBUG Engine               - isMobile: false
13:42:59.451 [FXGL Background Thread 3 ] DEBUG Engine               - isNative: false
13:42:59.451 [FXGL Background Thread 3 ] DEBUG Engine               - isPauseMusicWhenMinimized: true
13:42:59.451 [FXGL Background Thread 3 ] DEBUG Engine               - isPreserveResizeRatio: false
13:42:59.451 [FXGL Background Thread 3 ] DEBUG Engine               - isProfilingEnabled: false
13:42:59.451 [FXGL Background Thread 3 ] DEBUG Engine               - isScaleAffectedOnResize: true
13:42:59.451 [FXGL Background Thread 3 ] DEBUG Engine               - isSingleStep: false
13:42:59.451 [FXGL Background Thread 3 ] DEBUG Engine               - isUserProfileEnabled: false
13:42:59.451 [FXGL Background Thread 3 ] DEBUG Engine               - isWindows: false
13:42:59.451 [FXGL Background Thread 3 ] DEBUG Engine               - language: ObjectProperty [value: ENGLISH]
13:42:59.451 [FXGL Background Thread 3 ] DEBUG Engine               - menuKey: ESCAPE
13:42:59.451 [FXGL Background Thread 3 ] DEBUG Engine               - mouseSensitivity: 0.2
13:42:59.451 [FXGL Background Thread 3 ] DEBUG Engine               - notificationViewClass: class com.almasb.fxgl.notification.view.XboxNotificationView
13:42:59.451 [FXGL Background Thread 3 ] DEBUG Engine               - pixelsPerMeter: 50.0
13:42:59.451 [FXGL Background Thread 3 ] DEBUG Engine               - platform: LINUX
13:42:59.451 [FXGL Background Thread 3 ] DEBUG Engine               - prefHeightProperty: ReadOnlyDoubleProperty [value: 1080.0]
13:42:59.451 [FXGL Background Thread 3 ] DEBUG Engine               - prefWidthProperty: ReadOnlyDoubleProperty [value: 1960.0]
13:42:59.451 [FXGL Background Thread 3 ] DEBUG Engine               - profileDir: profiles/
13:42:59.451 [FXGL Background Thread 3 ] DEBUG Engine               - profileName: StringProperty [value: DEFAULT]
13:42:59.451 [FXGL Background Thread 3 ] DEBUG Engine               - randomSeed: -1
13:42:59.451 [FXGL Background Thread 3 ] DEBUG Engine               - runtimeInfo: RuntimeInfo(platform=LINUX, version=17.3, build=30.03.2023 11.49)
13:42:59.451 [FXGL Background Thread 3 ] DEBUG Engine               - saveFileExt: sav
13:42:59.451 [FXGL Background Thread 3 ] DEBUG Engine               - scaledHeightProp$fxgl: DoubleProperty [bound, value: 1059.0]
13:42:59.451 [FXGL Background Thread 3 ] DEBUG Engine               - scaledWidthProp$fxgl: DoubleProperty [bound, value: 869.0]
13:42:59.452 [FXGL Background Thread 3 ] DEBUG Engine               - sceneFactory: com.almasb.fxgl.app.scene.SceneFactory@7bb2e12b
13:42:59.452 [FXGL Background Thread 3 ] DEBUG Engine               - secondsIn24h: 60
13:42:59.452 [FXGL Background Thread 3 ] DEBUG Engine               - soundMenuBack: menu/back.wav
13:42:59.452 [FXGL Background Thread 3 ] DEBUG Engine               - soundMenuPress: menu/press.wav
13:42:59.452 [FXGL Background Thread 3 ] DEBUG Engine               - soundMenuSelect: menu/select.wav
13:42:59.452 [FXGL Background Thread 3 ] DEBUG Engine               - soundNotification: core/notification.wav
13:42:59.452 [FXGL Background Thread 3 ] DEBUG Engine               - stageStyle: DECORATED
13:42:59.452 [FXGL Background Thread 3 ] DEBUG Engine               - supportedLanguages: [ENGLISH, FRENCH, GERMAN, HUNGARIAN, RUSSIAN]
13:42:59.452 [FXGL Background Thread 3 ] DEBUG Engine               - ticksPerSecond: -1
13:42:59.452 [FXGL Background Thread 3 ] DEBUG Engine               - title: FXGL Game
13:42:59.452 [FXGL Background Thread 3 ] DEBUG Engine               - urlGithub: https://github.com/AlmasB/FXGL
13:42:59.452 [FXGL Background Thread 3 ] DEBUG Engine               - urlLeaderboard: http://fxgl-top.herokuapp.com/
13:42:59.452 [FXGL Background Thread 3 ] DEBUG Engine               - urlPOM: https://raw.githubusercontent.com/AlmasB/FXGL/release/README.md
13:42:59.452 [FXGL Background Thread 3 ] DEBUG Engine               - userAppClass: class at.htl.flowstate.Game
13:42:59.452 [FXGL Background Thread 3 ] DEBUG Engine               - version: 0.2.2
13:42:59.452 [FXGL Background Thread 3 ] DEBUG Engine               - versionCheckDays: 7
13:42:59.452 [FXGL Background Thread 3 ] DEBUG Engine               - width: 1960
13:42:59.452 [FXGL Background Thread 3 ] DEBUG Engine               - Logging services
13:42:59.452 [FXGL Background Thread 3 ] DEBUG Engine               - class com.almasb.fxgl.app.services.FXGLAssetLoaderService
13:42:59.452 [FXGL Background Thread 3 ] DEBUG Engine               - class com.almasb.fxgl.app.FXGLApplication$GameApplicationService
13:42:59.452 [FXGL Background Thread 3 ] DEBUG Engine               - class com.almasb.fxgl.app.services.FXGLDialogService
13:42:59.452 [FXGL Background Thread 3 ] DEBUG Engine               - class com.almasb.fxgl.app.services.IOTaskExecutorService
13:42:59.452 [FXGL Background Thread 3 ] DEBUG Engine               - class com.almasb.fxgl.io.FileSystemService
13:42:59.452 [FXGL Background Thread 3 ] DEBUG Engine               - class com.almasb.fxgl.localization.LocalizationService
13:42:59.452 [FXGL Background Thread 3 ] DEBUG Engine               - class com.almasb.fxgl.app.services.SystemBundleService
13:42:59.452 [FXGL Background Thread 3 ] DEBUG Engine               - class com.almasb.fxgl.profile.SaveLoadService
13:42:59.452 [FXGL Background Thread 3 ] DEBUG Engine               - class com.almasb.fxgl.ui.FXGLUIFactoryServiceProvider
13:42:59.452 [FXGL Background Thread 3 ] DEBUG Engine               - class com.almasb.fxgl.ui.FXGLDialogFactoryServiceProvider
13:42:59.452 [FXGL Background Thread 3 ] DEBUG Engine               - class com.almasb.fxgl.audio.AudioPlayer
13:42:59.452 [FXGL Background Thread 3 ] DEBUG Engine               - class com.almasb.fxgl.notification.impl.NotificationServiceProvider
13:42:59.452 [FXGL Background Thread 3 ] DEBUG Engine               - class com.almasb.fxgl.achievement.AchievementService
13:42:59.452 [FXGL Background Thread 3 ] DEBUG Engine               - class com.almasb.fxgl.cutscene.CutsceneService
13:42:59.452 [FXGL Background Thread 3 ] DEBUG Engine               - class com.almasb.fxgl.minigames.MiniGameService
13:42:59.452 [FXGL Background Thread 3 ] DEBUG Engine               - class com.almasb.fxgl.net.NetService
13:42:59.452 [FXGL Background Thread 3 ] DEBUG Engine               - class com.almasb.fxgl.app.services.UpdaterService
13:42:59.452 [FXGL Background Thread 3 ] DEBUG Engine               - class com.almasb.fxgl.dev.DevService
13:43:07.976 [JavaFX Application Thread] DEBUG FXGLApplication      - Exiting FXGL
13:43:07.977 [JavaFX Application Thread] DEBUG LoopRunner           - Stopping loop
13:43:07.977 [JavaFX Application Thread] DEBUG SystemBundleService  - Saving FXGL system data
13:43:07.978 [JavaFX Application Thread] DEBUG FileSystemAccess     - Writing to: /home/terrydavis/Documents/FlowState/system/fxgl.bundle
13:43:07.978 [JavaFX Application Thread] DEBUG Async                - Shutting down background threads
13:43:07.978 [JavaFX Application Thread] DEBUG PrimaryStageWindow   - Closing main window
13:43:07.980 [JavaFX Application Thread] DEBUG Logger               - Closing Logger
